[2026-02-01 23:32:22] [INFO] 로거 초기화 완료 - 로그 파일: /Users/han-yeonji/개인pj/Collecting_announcement/logs/공고수집_20260201.log
[2026-02-01 23:32:22] [INFO] ============================================================
[2026-02-01 23:32:22] [INFO] Phase 1: 초기 데이터 수집 시작
[2026-02-01 23:32:22] [INFO] 기준일: 2026-02-01
[2026-02-01 23:32:22] [INFO] 최소 남은 일수: 14일
[2026-02-01 23:32:22] [INFO] ============================================================
[2026-02-01 23:32:22] [INFO] API 클라이언트 초기화...
[2026-02-01 23:32:22] [INFO] 
[나라장터] 데이터 수집 시작...
[2026-02-01 23:32:22] [INFO] 나라장터 API 호출: 2026년 1월
[2026-02-01 23:32:23] [INFO] 나라장터 API 호출: 2026년 2월
[2026-02-01 23:32:23] [INFO] 나라장터 API 호출: 2026년 3월
[2026-02-01 23:32:23] [INFO] 나라장터 API 호출: 2026년 4월
[2026-02-01 23:32:23] [INFO] 나라장터 API 호출: 2026년 5월
[2026-02-01 23:32:23] [INFO] 나라장터 API 호출: 2026년 6월
[2026-02-01 23:32:23] [INFO] 나라장터 API 호출: 2026년 7월
[2026-02-01 23:32:23] [INFO] 나라장터 API 호출: 2026년 8월
[2026-02-01 23:32:23] [INFO] 나라장터 API 호출: 2026년 9월
[2026-02-01 23:32:23] [INFO] 나라장터 API 호출: 2026년 10월
[2026-02-01 23:32:24] [INFO] 나라장터 API 호출: 2026년 11월
[2026-02-01 23:32:24] [INFO] 나라장터 API 호출: 2026년 12월
[2026-02-01 23:32:24] [INFO] 나라장터 총 117건 수집 완료
[2026-02-01 23:32:24] [INFO] [나라장터] 키워드 필터링 시작... (키워드 22개)
[2026-02-01 23:32:24] [INFO] 키워드 필터링: 117건 → 3건
[2026-02-01 23:32:24] [INFO] [나라장터] 마감일 필터링 시작...
[2026-02-01 23:32:24] [INFO] 마감일 필터링: 3건 → 0건 (기준일: 2026-02-01, 최소 14일)
[2026-02-01 23:32:24] [INFO] 
[K-Startup] 데이터 수집 시작...
[2026-02-01 23:32:24] [INFO] K-Startup API 호출: 2026년
[2026-02-01 23:33:08] [INFO] K-Startup 총 20499건 수집 완료
[2026-02-01 23:33:08] [INFO] [K-Startup] 키워드 필터링 시작... (키워드 22개)
[2026-02-01 23:33:08] [INFO] 키워드 필터링: 20499건 → 12771건
[2026-02-01 23:33:08] [INFO] [K-Startup] 마감일 필터링 시작...
[2026-02-01 23:33:08] [INFO] 마감일 필터링: 12771건 → 46건 (기준일: 2026-02-01, 최소 14일)
[2026-02-01 23:33:08] [INFO] 
스프레드시트 업데이트 시작...
[2026-02-01 23:33:09] [INFO] ✓ 스프레드시트 연결 성공: 나라장터&K-Startup 공고 리스트업
[2026-02-01 23:33:09] [INFO] 
[나라장터] 스프레드시트 업데이트... (0건)
[2026-02-01 23:33:09] [INFO] ✓ 기존 시트 사용: 나라장터
[2026-02-01 23:33:10] [INFO] ✓ 헤더 이미 존재
[2026-02-01 23:33:10] [INFO] ✓ 나라장터 탭 업데이트 완료: 신규 0건
[2026-02-01 23:33:10] [INFO] 
[K-Startup] 스프레드시트 업데이트... (46건)
[2026-02-01 23:33:10] [INFO] ✓ 기존 시트 사용: K-Startup
[2026-02-01 23:33:10] [INFO] ✓ 헤더 이미 존재
[2026-02-01 23:33:37] [INFO] ✓ K-Startup 탭 업데이트 완료: 신규 46건
[2026-02-01 23:33:37] [INFO] 
============================================================
[2026-02-01 23:33:37] [INFO] Phase 1 완료!
[2026-02-01 23:33:37] [INFO] 소요 시간: 75.1초
[2026-02-01 23:33:37] [INFO] 나라장터: 신규 0건 추가
[2026-02-01 23:33:37] [INFO] K-Startup: 신규 46건 추가
[2026-02-01 23:33:37] [INFO] 총 46건 추가
[2026-02-01 23:33:37] [INFO] ============================================================
