[2026-02-04 00:33:26] [INFO] 로거 초기화 완료 - 로그 파일: /Users/han-yeonji/개인pj/Collecting_announcement/logs/공고수집_20260204.log
[2026-02-04 00:33:26] [INFO] ============================================================
[2026-02-04 00:33:26] [INFO] Phase 1: 초기 데이터 수집 시작
[2026-02-04 00:33:26] [INFO] 기준일: 2026-02-01
[2026-02-04 00:33:26] [INFO] 최소 남은 일수: 14일
[2026-02-04 00:33:26] [INFO] ============================================================
[2026-02-04 00:33:26] [INFO] API 클라이언트 초기화...
[2026-02-04 00:33:26] [INFO] 
[나라장터] 데이터 수집 시작...
[2026-02-04 00:33:26] [INFO] 나라장터 API 호출: 2026년 1주차 (01/01~01/07)
[2026-02-04 00:35:20] [INFO] 나라장터 API 호출: 2026년 2주차 (01/08~01/14)
[2026-02-04 00:40:28] [INFO] 나라장터 API 호출: 2026년 3주차 (01/15~01/21)
[2026-02-04 00:47:00] [INFO] 나라장터 API 호출: 2026년 4주차 (01/22~01/28)
[2026-02-04 00:54:22] [INFO] 나라장터 API 호출: 2026년 5주차 (01/29~02/04)
[2026-02-04 00:58:36] [WARNING] 나라장터 API 타임아웃 (시도 1/3)
[2026-02-04 01:00:08] [WARNING] 나라장터 API 타임아웃 (시도 1/3)
[2026-02-04 01:00:23] [INFO] 나라장터 API 호출: 2026년 6주차 (02/05~02/11)
[2026-02-04 01:00:23] [INFO] 나라장터 API 호출: 2026년 7주차 (02/12~02/18)
[2026-02-04 01:00:26] [INFO] 나라장터 API 호출: 2026년 8주차 (02/19~02/25)
[2026-02-04 01:00:29] [INFO] 나라장터 API 호출: 2026년 9주차 (02/26~03/04)
[2026-02-04 01:00:29] [INFO] 나라장터 API 호출: 2026년 10주차 (03/05~03/11)
[2026-02-04 01:00:29] [INFO] 나라장터 API 호출: 2026년 11주차 (03/12~03/18)
[2026-02-04 01:00:29] [INFO] 나라장터 API 호출: 2026년 12주차 (03/19~03/25)
[2026-02-04 01:00:30] [INFO] 나라장터 API 호출: 2026년 13주차 (03/26~04/01)
[2026-02-04 01:00:30] [INFO] 나라장터 API 호출: 2026년 14주차 (04/02~04/08)
[2026-02-04 01:00:32] [INFO] 나라장터 API 호출: 2026년 15주차 (04/09~04/15)
[2026-02-04 01:00:32] [INFO] 나라장터 API 호출: 2026년 16주차 (04/16~04/22)
[2026-02-04 01:00:32] [INFO] 나라장터 API 호출: 2026년 17주차 (04/23~04/29)
[2026-02-04 01:00:34] [INFO] 나라장터 API 호출: 2026년 18주차 (04/30~05/06)
[2026-02-04 01:00:36] [INFO] 나라장터 API 호출: 2026년 19주차 (05/07~05/13)
[2026-02-04 01:00:36] [INFO] 나라장터 API 호출: 2026년 20주차 (05/14~05/20)
[2026-02-04 01:00:36] [INFO] 나라장터 API 호출: 2026년 21주차 (05/21~05/27)
[2026-02-04 01:00:36] [INFO] 나라장터 API 호출: 2026년 22주차 (05/28~06/03)
[2026-02-04 01:00:37] [INFO] 나라장터 API 호출: 2026년 23주차 (06/04~06/10)
[2026-02-04 01:00:37] [INFO] 나라장터 API 호출: 2026년 24주차 (06/11~06/17)
[2026-02-04 01:00:39] [INFO] 나라장터 API 호출: 2026년 25주차 (06/18~06/24)
[2026-02-04 01:00:39] [INFO] 나라장터 API 호출: 2026년 26주차 (06/25~07/01)
[2026-02-04 01:00:41] [INFO] 나라장터 API 호출: 2026년 27주차 (07/02~07/08)
[2026-02-04 01:00:41] [INFO] 나라장터 API 호출: 2026년 28주차 (07/09~07/15)
[2026-02-04 01:00:44] [INFO] 나라장터 API 호출: 2026년 29주차 (07/16~07/22)
[2026-02-04 01:00:44] [INFO] 나라장터 API 호출: 2026년 30주차 (07/23~07/29)
[2026-02-04 01:00:46] [INFO] 나라장터 API 호출: 2026년 31주차 (07/30~08/05)
[2026-02-04 01:00:46] [INFO] 나라장터 API 호출: 2026년 32주차 (08/06~08/12)
[2026-02-04 01:00:47] [INFO] 나라장터 API 호출: 2026년 33주차 (08/13~08/19)
[2026-02-04 01:00:47] [INFO] 나라장터 API 호출: 2026년 34주차 (08/20~08/26)
[2026-02-04 01:00:47] [INFO] 나라장터 API 호출: 2026년 35주차 (08/27~09/02)
[2026-02-04 01:00:47] [INFO] 나라장터 API 호출: 2026년 36주차 (09/03~09/09)
[2026-02-04 01:00:48] [INFO] 나라장터 API 호출: 2026년 37주차 (09/10~09/16)
[2026-02-04 01:00:48] [INFO] 나라장터 API 호출: 2026년 38주차 (09/17~09/23)
[2026-02-04 01:00:48] [INFO] 나라장터 API 호출: 2026년 39주차 (09/24~09/30)
[2026-02-04 01:00:49] [INFO] 나라장터 API 호출: 2026년 40주차 (10/01~10/07)
[2026-02-04 01:00:49] [INFO] 나라장터 API 호출: 2026년 41주차 (10/08~10/14)
[2026-02-04 01:00:51] [INFO] 나라장터 API 호출: 2026년 42주차 (10/15~10/21)
[2026-02-04 01:00:53] [INFO] 나라장터 API 호출: 2026년 43주차 (10/22~10/28)
[2026-02-04 01:00:53] [INFO] 나라장터 API 호출: 2026년 44주차 (10/29~11/04)
[2026-02-04 01:00:55] [INFO] 나라장터 API 호출: 2026년 45주차 (11/05~11/11)
[2026-02-04 01:00:57] [INFO] 나라장터 API 호출: 2026년 46주차 (11/12~11/18)
[2026-02-04 01:00:57] [INFO] 나라장터 API 호출: 2026년 47주차 (11/19~11/25)
[2026-02-04 01:00:57] [INFO] 나라장터 API 호출: 2026년 48주차 (11/26~12/02)
[2026-02-04 01:00:57] [INFO] 나라장터 API 호출: 2026년 49주차 (12/03~12/09)
[2026-02-04 01:00:57] [INFO] 나라장터 API 호출: 2026년 50주차 (12/10~12/16)
[2026-02-04 01:00:57] [INFO] 나라장터 API 호출: 2026년 51주차 (12/17~12/23)
[2026-02-04 01:00:57] [INFO] 나라장터 API 호출: 2026년 52주차 (12/24~12/30)
[2026-02-04 01:00:58] [INFO] 나라장터 API 호출: 2026년 53주차 (12/31~12/31)
[2026-02-04 01:00:58] [INFO] 나라장터 총 37945건 수집 완료
[2026-02-04 01:00:58] [INFO] [나라장터] 키워드 필터링 시작... (키워드 22개)
[2026-02-04 01:00:58] [INFO] 키워드 필터링: 37945건 → 400건
[2026-02-04 01:00:58] [INFO] [나라장터] 마감일 필터링 시작...
[2026-02-04 01:00:58] [INFO] 마감일 필터링: 400건 → 28건 (기준일: 2026-02-01, 최소 14일)
[2026-02-04 01:00:58] [INFO] 
[K-Startup] 데이터 수집 시작...
[2026-02-04 01:00:58] [INFO] K-Startup API 호출: 2026년
[2026-02-04 01:03:00] [INFO] K-Startup 총 20499건 수집 완료
[2026-02-04 01:03:00] [INFO] [K-Startup] 키워드 필터링 시작... (키워드 22개)
[2026-02-04 01:03:00] [INFO] 키워드 필터링: 20499건 → 12767건
[2026-02-04 01:03:00] [INFO] [K-Startup] 마감일 필터링 시작...
[2026-02-04 01:03:00] [INFO] 마감일 필터링: 12767건 → 52건 (기준일: 2026-02-01, 최소 14일)
[2026-02-04 01:03:00] [INFO] 
스프레드시트 업데이트 시작...
[2026-02-04 01:03:01] [INFO] ✓ 스프레드시트 연결 성공: 나라장터&K-Startup 공고 리스트업
[2026-02-04 01:03:01] [INFO] 
[나라장터] 스프레드시트 업데이트... (28건)
[2026-02-04 01:03:01] [INFO] ✓ 기존 시트 사용: 나라장터
[2026-02-04 01:03:01] [INFO] ✓ 헤더 이미 존재
[2026-02-04 01:03:02] [INFO] ✓ 나라장터 탭 일괄 업데이트 완료: 신규 28건
[2026-02-04 01:03:02] [INFO] 
[K-Startup] 스프레드시트 업데이트... (52건)
[2026-02-04 01:03:03] [INFO] ✓ 기존 시트 사용: K-Startup
[2026-02-04 01:03:03] [INFO] ✓ 헤더 이미 존재
[2026-02-04 01:03:04] [INFO] ✓ K-Startup 탭 일괄 업데이트 완료: 신규 52건
[2026-02-04 01:03:04] [INFO] 
============================================================
[2026-02-04 01:03:04] [INFO] Phase 1 완료!
[2026-02-04 01:03:04] [INFO] 소요 시간: 1778.1초
[2026-02-04 01:03:04] [INFO] 나라장터: 신규 28건 추가
[2026-02-04 01:03:04] [INFO] K-Startup: 신규 52건 추가
[2026-02-04 01:03:04] [INFO] 총 80건 추가
[2026-02-04 01:03:04] [INFO] ============================================================
[2026-02-04 07:37:43] [INFO] 로거 초기화 완료 - 로그 파일: /Users/han-yeonji/개인pj/Collecting_announcement/logs/공고수집_20260204.log
[2026-02-04 07:37:43] [INFO] ============================================================
[2026-02-04 07:37:43] [INFO] Phase 1: 초기 데이터 수집 시작
[2026-02-04 07:37:43] [INFO] 기준일: 2026-02-04
[2026-02-04 07:37:43] [INFO] 최소 남은 일수: 7일
[2026-02-04 07:37:43] [INFO] ============================================================
[2026-02-04 07:37:43] [INFO] API 클라이언트 초기화...
[2026-02-04 07:37:43] [INFO] 
[나라장터] 데이터 수집 시작...
[2026-02-04 07:37:43] [INFO] 나라장터 API 호출: 2026년 1주차 (01/01~01/07)
[2026-02-04 07:39:17] [INFO] 나라장터 API 호출: 2026년 2주차 (01/08~01/14)
[2026-02-04 07:43:37] [INFO] 나라장터 API 호출: 2026년 3주차 (01/15~01/21)
[2026-02-04 07:49:22] [INFO] 나라장터 API 호출: 2026년 4주차 (01/22~01/28)
[2026-02-04 07:56:26] [INFO] 나라장터 API 호출: 2026년 5주차 (01/29~02/04)
[2026-02-04 08:00:13] [WARNING] 나라장터 API 타임아웃 (시도 1/3)
[2026-02-04 08:01:09] [WARNING] 나라장터 API 타임아웃 (시도 1/3)
[2026-02-04 08:02:15] [WARNING] 나라장터 API 타임아웃 (시도 1/3)
[2026-02-04 08:03:03] [INFO] 나라장터 API 호출: 2026년 6주차 (02/05~02/11)
[2026-02-04 08:03:03] [INFO] 나라장터 API 호출: 2026년 7주차 (02/12~02/18)
[2026-02-04 08:03:05] [INFO] 나라장터 API 호출: 2026년 8주차 (02/19~02/25)
[2026-02-04 08:03:06] [INFO] 나라장터 API 호출: 2026년 9주차 (02/26~03/04)
[2026-02-04 08:03:08] [INFO] 나라장터 API 호출: 2026년 10주차 (03/05~03/11)
[2026-02-04 08:03:10] [INFO] 나라장터 API 호출: 2026년 11주차 (03/12~03/18)
[2026-02-04 08:03:10] [INFO] 나라장터 API 호출: 2026년 12주차 (03/19~03/25)
[2026-02-04 08:03:10] [INFO] 나라장터 API 호출: 2026년 13주차 (03/26~04/01)
[2026-02-04 08:03:13] [INFO] 나라장터 API 호출: 2026년 14주차 (04/02~04/08)
[2026-02-04 08:03:15] [INFO] 나라장터 API 호출: 2026년 15주차 (04/09~04/15)
[2026-02-04 08:03:16] [INFO] 나라장터 API 호출: 2026년 16주차 (04/16~04/22)
[2026-02-04 08:03:16] [INFO] 나라장터 API 호출: 2026년 17주차 (04/23~04/29)
[2026-02-04 08:03:16] [INFO] 나라장터 API 호출: 2026년 18주차 (04/30~05/06)
[2026-02-04 08:03:16] [INFO] 나라장터 API 호출: 2026년 19주차 (05/07~05/13)
[2026-02-04 08:03:16] [INFO] 나라장터 API 호출: 2026년 20주차 (05/14~05/20)
[2026-02-04 08:03:17] [INFO] 나라장터 API 호출: 2026년 21주차 (05/21~05/27)
[2026-02-04 08:03:17] [INFO] 나라장터 API 호출: 2026년 22주차 (05/28~06/03)
[2026-02-04 08:03:17] [INFO] 나라장터 API 호출: 2026년 23주차 (06/04~06/10)
[2026-02-04 08:03:17] [INFO] 나라장터 API 호출: 2026년 24주차 (06/11~06/17)
[2026-02-04 08:03:19] [INFO] 나라장터 API 호출: 2026년 25주차 (06/18~06/24)
[2026-02-04 08:03:19] [INFO] 나라장터 API 호출: 2026년 26주차 (06/25~07/01)
[2026-02-04 08:03:19] [INFO] 나라장터 API 호출: 2026년 27주차 (07/02~07/08)
[2026-02-04 08:03:19] [INFO] 나라장터 API 호출: 2026년 28주차 (07/09~07/15)
[2026-02-04 08:03:21] [INFO] 나라장터 API 호출: 2026년 29주차 (07/16~07/22)
[2026-02-04 08:03:22] [INFO] 나라장터 API 호출: 2026년 30주차 (07/23~07/29)
[2026-02-04 08:03:22] [INFO] 나라장터 API 호출: 2026년 31주차 (07/30~08/05)
[2026-02-04 08:03:22] [INFO] 나라장터 API 호출: 2026년 32주차 (08/06~08/12)
[2026-02-04 08:03:23] [INFO] 나라장터 API 호출: 2026년 33주차 (08/13~08/19)
[2026-02-04 08:03:24] [INFO] 나라장터 API 호출: 2026년 34주차 (08/20~08/26)
[2026-02-04 08:03:24] [INFO] 나라장터 API 호출: 2026년 35주차 (08/27~09/02)
[2026-02-04 08:03:24] [INFO] 나라장터 API 호출: 2026년 36주차 (09/03~09/09)
[2026-02-04 08:03:25] [INFO] 나라장터 API 호출: 2026년 37주차 (09/10~09/16)
[2026-02-04 08:03:26] [INFO] 나라장터 API 호출: 2026년 38주차 (09/17~09/23)
[2026-02-04 08:03:26] [INFO] 나라장터 API 호출: 2026년 39주차 (09/24~09/30)
[2026-02-04 08:03:26] [INFO] 나라장터 API 호출: 2026년 40주차 (10/01~10/07)
[2026-02-04 08:03:26] [INFO] 나라장터 API 호출: 2026년 41주차 (10/08~10/14)
[2026-02-04 08:03:26] [INFO] 나라장터 API 호출: 2026년 42주차 (10/15~10/21)
[2026-02-04 08:03:28] [INFO] 나라장터 API 호출: 2026년 43주차 (10/22~10/28)
[2026-02-04 08:03:28] [INFO] 나라장터 API 호출: 2026년 44주차 (10/29~11/04)
[2026-02-04 08:03:30] [INFO] 나라장터 API 호출: 2026년 45주차 (11/05~11/11)
[2026-02-04 08:03:31] [INFO] 나라장터 API 호출: 2026년 46주차 (11/12~11/18)
[2026-02-04 08:03:31] [INFO] 나라장터 API 호출: 2026년 47주차 (11/19~11/25)
[2026-02-04 08:03:31] [INFO] 나라장터 API 호출: 2026년 48주차 (11/26~12/02)
[2026-02-04 08:03:32] [INFO] 나라장터 API 호출: 2026년 49주차 (12/03~12/09)
[2026-02-04 08:03:33] [INFO] 나라장터 API 호출: 2026년 50주차 (12/10~12/16)
[2026-02-04 08:03:33] [INFO] 나라장터 API 호출: 2026년 51주차 (12/17~12/23)
[2026-02-04 08:03:33] [INFO] 나라장터 API 호출: 2026년 52주차 (12/24~12/30)
[2026-02-04 08:03:33] [INFO] 나라장터 API 호출: 2026년 53주차 (12/31~12/31)
[2026-02-04 08:03:33] [INFO] 나라장터 총 37964건 수집 완료
[2026-02-04 08:03:33] [INFO] [나라장터] 키워드 필터링 시작... (키워드 22개)
[2026-02-04 08:03:33] [INFO] 키워드 필터링: 37964건 → 400건
[2026-02-04 08:03:33] [INFO] [나라장터] 마감일 필터링 시작...
[2026-02-04 08:03:33] [INFO] 마감일 필터링: 400건 → 86건 (기준일: 2026-02-04, 최소 7일)
[2026-02-04 08:03:33] [INFO] 
[K-Startup] 데이터 수집 시작...
[2026-02-04 08:03:33] [INFO] K-Startup API 호출: 2026년
[2026-02-04 08:06:06] [INFO] K-Startup 총 20499건 수집 완료
[2026-02-04 08:06:06] [INFO] [K-Startup] 키워드 필터링 시작... (키워드 22개)
[2026-02-04 08:06:06] [INFO] 키워드 필터링: 20499건 → 12765건
[2026-02-04 08:06:06] [INFO] [K-Startup] 마감일 필터링 시작...
[2026-02-04 08:06:06] [INFO] 마감일 필터링: 12765건 → 87건 (기준일: 2026-02-04, 최소 7일)
[2026-02-04 08:06:06] [INFO] 
스프레드시트 업데이트 시작...
[2026-02-04 08:06:07] [INFO] ✓ 스프레드시트 연결 성공: 나라장터&K-Startup 공고 리스트업
[2026-02-04 08:06:07] [INFO] 
[나라장터] 스프레드시트 업데이트... (86건)
[2026-02-04 08:06:07] [INFO] ✓ 기존 시트 사용: 나라장터
[2026-02-04 08:06:08] [INFO] ✓ 헤더 이미 존재
[2026-02-04 08:06:09] [INFO] ✓ 나라장터 탭 일괄 업데이트 완료: 신규 86건
[2026-02-04 08:06:09] [INFO] 
[K-Startup] 스프레드시트 업데이트... (87건)
[2026-02-04 08:06:09] [INFO] ✓ 기존 시트 사용: K-Startup
[2026-02-04 08:06:09] [INFO] ✓ 헤더 이미 존재
[2026-02-04 08:06:10] [INFO] ✓ K-Startup 탭 일괄 업데이트 완료: 신규 87건
[2026-02-04 08:06:10] [INFO] 
============================================================
[2026-02-04 08:06:10] [INFO] Phase 1 완료!
[2026-02-04 08:06:10] [INFO] 소요 시간: 1707.3초
[2026-02-04 08:06:10] [INFO] 나라장터: 신규 86건 추가
[2026-02-04 08:06:10] [INFO] K-Startup: 신규 87건 추가
[2026-02-04 08:06:10] [INFO] 총 173건 추가
[2026-02-04 08:06:10] [INFO] ============================================================
