[2026-02-03 00:13:47] [INFO] 로거 초기화 완료 - 로그 파일: /Users/han-yeonji/개인pj/Collecting_announcement/logs/공고수집_20260203.log
[2026-02-03 00:13:47] [INFO] ============================================================
[2026-02-03 00:13:47] [INFO] Phase 1: 초기 데이터 수집 시작
[2026-02-03 00:13:47] [INFO] 기준일: 2026-02-01
[2026-02-03 00:13:47] [INFO] 최소 남은 일수: 14일
[2026-02-03 00:13:47] [INFO] ============================================================
[2026-02-03 00:13:47] [INFO] API 클라이언트 초기화...
[2026-02-03 00:13:47] [INFO] 
[나라장터] 데이터 수집 시작...
[2026-02-03 00:13:47] [INFO] 나라장터 API 호출: 2026년 1주차 (01/01~01/07)
[2026-02-03 00:13:49] [INFO] 나라장터 API 호출: 2026년 2주차 (01/08~01/14)
[2026-02-03 00:13:49] [INFO] 나라장터 API 호출: 2026년 3주차 (01/15~01/21)
[2026-02-03 00:13:50] [INFO] 나라장터 API 호출: 2026년 4주차 (01/22~01/28)
[2026-02-03 00:13:51] [INFO] 나라장터 API 호출: 2026년 5주차 (01/29~02/04)
[2026-02-03 00:13:52] [INFO] 나라장터 API 호출: 2026년 6주차 (02/05~02/11)
[2026-02-03 00:13:52] [INFO] 나라장터 API 호출: 2026년 7주차 (02/12~02/18)
[2026-02-03 00:13:52] [INFO] 나라장터 API 호출: 2026년 8주차 (02/19~02/25)
[2026-02-03 00:13:52] [INFO] 나라장터 API 호출: 2026년 9주차 (02/26~03/04)
[2026-02-03 00:13:53] [INFO] 나라장터 API 호출: 2026년 10주차 (03/05~03/11)
[2026-02-03 00:13:53] [INFO] 나라장터 API 호출: 2026년 11주차 (03/12~03/18)
[2026-02-03 00:13:53] [INFO] 나라장터 API 호출: 2026년 12주차 (03/19~03/25)
[2026-02-03 00:13:53] [INFO] 나라장터 API 호출: 2026년 13주차 (03/26~04/01)
[2026-02-03 00:13:53] [INFO] 나라장터 API 호출: 2026년 14주차 (04/02~04/08)
[2026-02-03 00:13:53] [INFO] 나라장터 API 호출: 2026년 15주차 (04/09~04/15)
[2026-02-03 00:13:54] [INFO] 나라장터 API 호출: 2026년 16주차 (04/16~04/22)
[2026-02-03 00:13:54] [INFO] 나라장터 API 호출: 2026년 17주차 (04/23~04/29)
[2026-02-03 00:13:54] [INFO] 나라장터 API 호출: 2026년 18주차 (04/30~05/06)
[2026-02-03 00:13:55] [INFO] 나라장터 API 호출: 2026년 19주차 (05/07~05/13)
[2026-02-03 00:13:55] [INFO] 나라장터 API 호출: 2026년 20주차 (05/14~05/20)
[2026-02-03 00:13:55] [INFO] 나라장터 API 호출: 2026년 21주차 (05/21~05/27)
[2026-02-03 00:13:55] [INFO] 나라장터 API 호출: 2026년 22주차 (05/28~06/03)
[2026-02-03 00:13:55] [INFO] 나라장터 API 호출: 2026년 23주차 (06/04~06/10)
[2026-02-03 00:13:55] [INFO] 나라장터 API 호출: 2026년 24주차 (06/11~06/17)
[2026-02-03 00:13:55] [INFO] 나라장터 API 호출: 2026년 25주차 (06/18~06/24)
[2026-02-03 00:13:55] [INFO] 나라장터 API 호출: 2026년 26주차 (06/25~07/01)
[2026-02-03 00:13:55] [INFO] 나라장터 API 호출: 2026년 27주차 (07/02~07/08)
[2026-02-03 00:13:55] [INFO] 나라장터 API 호출: 2026년 28주차 (07/09~07/15)
[2026-02-03 00:13:55] [INFO] 나라장터 API 호출: 2026년 29주차 (07/16~07/22)
[2026-02-03 00:13:56] [INFO] 나라장터 API 호출: 2026년 30주차 (07/23~07/29)
[2026-02-03 00:13:56] [INFO] 나라장터 API 호출: 2026년 31주차 (07/30~08/05)
[2026-02-03 00:13:56] [INFO] 나라장터 API 호출: 2026년 32주차 (08/06~08/12)
[2026-02-03 00:13:56] [INFO] 나라장터 API 호출: 2026년 33주차 (08/13~08/19)
[2026-02-03 00:13:56] [INFO] 나라장터 API 호출: 2026년 34주차 (08/20~08/26)
[2026-02-03 00:13:56] [INFO] 나라장터 API 호출: 2026년 35주차 (08/27~09/02)
[2026-02-03 00:13:56] [INFO] 나라장터 API 호출: 2026년 36주차 (09/03~09/09)
[2026-02-03 00:13:57] [INFO] 나라장터 API 호출: 2026년 37주차 (09/10~09/16)
[2026-02-03 00:13:57] [INFO] 나라장터 API 호출: 2026년 38주차 (09/17~09/23)
[2026-02-03 00:13:57] [INFO] 나라장터 API 호출: 2026년 39주차 (09/24~09/30)
[2026-02-03 00:13:57] [INFO] 나라장터 API 호출: 2026년 40주차 (10/01~10/07)
[2026-02-03 00:13:57] [INFO] 나라장터 API 호출: 2026년 41주차 (10/08~10/14)
[2026-02-03 00:13:57] [INFO] 나라장터 API 호출: 2026년 42주차 (10/15~10/21)
[2026-02-03 00:13:58] [INFO] 나라장터 API 호출: 2026년 43주차 (10/22~10/28)
[2026-02-03 00:13:58] [INFO] 나라장터 API 호출: 2026년 44주차 (10/29~11/04)
[2026-02-03 00:13:58] [INFO] 나라장터 API 호출: 2026년 45주차 (11/05~11/11)
[2026-02-03 00:13:58] [INFO] 나라장터 API 호출: 2026년 46주차 (11/12~11/18)
[2026-02-03 00:13:58] [INFO] 나라장터 API 호출: 2026년 47주차 (11/19~11/25)
[2026-02-03 00:13:58] [INFO] 나라장터 API 호출: 2026년 48주차 (11/26~12/02)
[2026-02-03 00:13:58] [INFO] 나라장터 API 호출: 2026년 49주차 (12/03~12/09)
[2026-02-03 00:13:58] [INFO] 나라장터 API 호출: 2026년 50주차 (12/10~12/16)
[2026-02-03 00:13:58] [INFO] 나라장터 API 호출: 2026년 51주차 (12/17~12/23)
[2026-02-03 00:13:59] [INFO] 나라장터 API 호출: 2026년 52주차 (12/24~12/30)
[2026-02-03 00:13:59] [INFO] 나라장터 API 호출: 2026년 53주차 (12/31~12/31)
[2026-02-03 00:13:59] [INFO] 나라장터 총 446건 수집 완료
[2026-02-03 00:13:59] [INFO] [나라장터] 키워드 필터링 시작... (키워드 22개)
[2026-02-03 00:13:59] [INFO] 키워드 필터링: 446건 → 2건
[2026-02-03 00:13:59] [INFO] [나라장터] 마감일 필터링 시작...
[2026-02-03 00:13:59] [INFO] 마감일 필터링: 2건 → 0건 (기준일: 2026-02-01, 최소 14일)
[2026-02-03 00:13:59] [INFO] 
[K-Startup] 데이터 수집 시작...
[2026-02-03 00:13:59] [INFO] K-Startup API 호출: 2026년
[2026-02-03 00:14:56] [INFO] K-Startup 총 20499건 수집 완료
[2026-02-03 00:14:56] [INFO] [K-Startup] 키워드 필터링 시작... (키워드 22개)
[2026-02-03 00:14:56] [INFO] 키워드 필터링: 20499건 → 12771건
[2026-02-03 00:14:56] [INFO] [K-Startup] 마감일 필터링 시작...
[2026-02-03 00:14:56] [INFO] 마감일 필터링: 12771건 → 46건 (기준일: 2026-02-01, 최소 14일)
[2026-02-03 00:14:56] [INFO] 
스프레드시트 업데이트 시작...
[2026-02-03 00:14:57] [INFO] ✓ 스프레드시트 연결 성공: 나라장터&K-Startup 공고 리스트업
[2026-02-03 00:14:57] [INFO] 
[나라장터] 스프레드시트 업데이트... (0건)
[2026-02-03 00:14:57] [INFO] ✓ 기존 시트 사용: 나라장터
[2026-02-03 00:14:57] [INFO] ✓ 헤더 이미 존재
[2026-02-03 00:14:57] [INFO] ✓ 나라장터 탭 업데이트 완료: 신규 0건
[2026-02-03 00:14:57] [INFO] 
[K-Startup] 스프레드시트 업데이트... (46건)
[2026-02-03 00:14:58] [INFO] ✓ 기존 시트 사용: K-Startup
[2026-02-03 00:14:58] [INFO] ✓ 헤더 이미 존재
[2026-02-03 00:15:29] [INFO] ✓ K-Startup 탭 업데이트 완료: 신규 46건
[2026-02-03 00:15:29] [INFO] 
============================================================
[2026-02-03 00:15:29] [INFO] Phase 1 완료!
[2026-02-03 00:15:29] [INFO] 소요 시간: 102.3초
[2026-02-03 00:15:29] [INFO] 나라장터: 신규 0건 추가
[2026-02-03 00:15:29] [INFO] K-Startup: 신규 46건 추가
[2026-02-03 00:15:29] [INFO] 총 46건 추가
[2026-02-03 00:15:29] [INFO] ============================================================
[2026-02-03 00:52:34] [INFO] 로거 초기화 완료 - 로그 파일: /Users/han-yeonji/개인pj/Collecting_announcement/logs/공고수집_20260203.log
[2026-02-03 00:52:34] [INFO] ============================================================
[2026-02-03 00:52:34] [INFO] Phase 1: 초기 데이터 수집 시작
[2026-02-03 00:52:34] [INFO] 기준일: 2026-02-01
[2026-02-03 00:52:34] [INFO] 최소 남은 일수: 14일
[2026-02-03 00:52:34] [INFO] ============================================================
[2026-02-03 00:52:34] [INFO] API 클라이언트 초기화...
[2026-02-03 00:52:34] [INFO] 
[나라장터] 데이터 수집 시작...
[2026-02-03 00:52:34] [INFO] 나라장터 API 호출: 2026년 1주차 (01/01~01/07)
[2026-02-03 00:52:34] [INFO] 나라장터 API 호출: 2026년 2주차 (01/08~01/14)
[2026-02-03 00:52:35] [INFO] 나라장터 API 호출: 2026년 3주차 (01/15~01/21)
[2026-02-03 00:52:36] [INFO] 나라장터 API 호출: 2026년 4주차 (01/22~01/28)
[2026-02-03 00:52:37] [INFO] 나라장터 API 호출: 2026년 5주차 (01/29~02/04)
[2026-02-03 00:52:37] [INFO] 나라장터 API 호출: 2026년 6주차 (02/05~02/11)
[2026-02-03 00:52:38] [INFO] 나라장터 API 호출: 2026년 7주차 (02/12~02/18)
[2026-02-03 00:52:38] [INFO] 나라장터 API 호출: 2026년 8주차 (02/19~02/25)
[2026-02-03 00:52:38] [INFO] 나라장터 API 호출: 2026년 9주차 (02/26~03/04)
[2026-02-03 00:52:38] [INFO] 나라장터 API 호출: 2026년 10주차 (03/05~03/11)
[2026-02-03 00:52:38] [INFO] 나라장터 API 호출: 2026년 11주차 (03/12~03/18)
[2026-02-03 00:52:38] [INFO] 나라장터 API 호출: 2026년 12주차 (03/19~03/25)
[2026-02-03 00:52:38] [INFO] 나라장터 API 호출: 2026년 13주차 (03/26~04/01)
[2026-02-03 00:52:39] [INFO] 나라장터 API 호출: 2026년 14주차 (04/02~04/08)
[2026-02-03 00:52:39] [INFO] 나라장터 API 호출: 2026년 15주차 (04/09~04/15)
[2026-02-03 00:52:39] [INFO] 나라장터 API 호출: 2026년 16주차 (04/16~04/22)
[2026-02-03 00:52:39] [INFO] 나라장터 API 호출: 2026년 17주차 (04/23~04/29)
[2026-02-03 00:52:39] [INFO] 나라장터 API 호출: 2026년 18주차 (04/30~05/06)
[2026-02-03 00:52:39] [INFO] 나라장터 API 호출: 2026년 19주차 (05/07~05/13)
[2026-02-03 00:52:39] [INFO] 나라장터 API 호출: 2026년 20주차 (05/14~05/20)
[2026-02-03 00:52:39] [INFO] 나라장터 API 호출: 2026년 21주차 (05/21~05/27)
[2026-02-03 00:52:39] [INFO] 나라장터 API 호출: 2026년 22주차 (05/28~06/03)
[2026-02-03 00:52:39] [INFO] 나라장터 API 호출: 2026년 23주차 (06/04~06/10)
[2026-02-03 00:52:40] [INFO] 나라장터 API 호출: 2026년 24주차 (06/11~06/17)
[2026-02-03 00:52:40] [INFO] 나라장터 API 호출: 2026년 25주차 (06/18~06/24)
[2026-02-03 00:52:40] [INFO] 나라장터 API 호출: 2026년 26주차 (06/25~07/01)
[2026-02-03 00:52:40] [INFO] 나라장터 API 호출: 2026년 27주차 (07/02~07/08)
[2026-02-03 00:52:40] [INFO] 나라장터 API 호출: 2026년 28주차 (07/09~07/15)
[2026-02-03 00:52:40] [INFO] 나라장터 API 호출: 2026년 29주차 (07/16~07/22)
[2026-02-03 00:52:40] [INFO] 나라장터 API 호출: 2026년 30주차 (07/23~07/29)
[2026-02-03 00:52:40] [INFO] 나라장터 API 호출: 2026년 31주차 (07/30~08/05)
[2026-02-03 00:52:40] [INFO] 나라장터 API 호출: 2026년 32주차 (08/06~08/12)
[2026-02-03 00:52:40] [INFO] 나라장터 API 호출: 2026년 33주차 (08/13~08/19)
[2026-02-03 00:52:40] [INFO] 나라장터 API 호출: 2026년 34주차 (08/20~08/26)
[2026-02-03 00:52:40] [INFO] 나라장터 API 호출: 2026년 35주차 (08/27~09/02)
[2026-02-03 00:52:41] [INFO] 나라장터 API 호출: 2026년 36주차 (09/03~09/09)
[2026-02-03 00:52:41] [INFO] 나라장터 API 호출: 2026년 37주차 (09/10~09/16)
[2026-02-03 00:52:41] [INFO] 나라장터 API 호출: 2026년 38주차 (09/17~09/23)
[2026-02-03 00:52:41] [INFO] 나라장터 API 호출: 2026년 39주차 (09/24~09/30)
[2026-02-03 00:52:41] [INFO] 나라장터 API 호출: 2026년 40주차 (10/01~10/07)
[2026-02-03 00:52:41] [INFO] 나라장터 API 호출: 2026년 41주차 (10/08~10/14)
[2026-02-03 00:52:41] [INFO] 나라장터 API 호출: 2026년 42주차 (10/15~10/21)
[2026-02-03 00:52:41] [INFO] 나라장터 API 호출: 2026년 43주차 (10/22~10/28)
[2026-02-03 00:52:45] [INFO] 나라장터 API 호출: 2026년 44주차 (10/29~11/04)
[2026-02-03 00:52:45] [INFO] 나라장터 API 호출: 2026년 45주차 (11/05~11/11)
[2026-02-03 00:52:45] [INFO] 나라장터 API 호출: 2026년 46주차 (11/12~11/18)
[2026-02-03 00:52:45] [INFO] 나라장터 API 호출: 2026년 47주차 (11/19~11/25)
[2026-02-03 00:52:45] [INFO] 나라장터 API 호출: 2026년 48주차 (11/26~12/02)
[2026-02-03 00:52:45] [INFO] 나라장터 API 호출: 2026년 49주차 (12/03~12/09)
[2026-02-03 00:52:45] [INFO] 나라장터 API 호출: 2026년 50주차 (12/10~12/16)
[2026-02-03 00:52:45] [INFO] 나라장터 API 호출: 2026년 51주차 (12/17~12/23)
[2026-02-03 00:52:45] [INFO] 나라장터 API 호출: 2026년 52주차 (12/24~12/30)
[2026-02-03 00:52:46] [INFO] 나라장터 API 호출: 2026년 53주차 (12/31~12/31)
[2026-02-03 00:52:46] [INFO] 나라장터 총 446건 수집 완료
[2026-02-03 00:52:46] [INFO] [나라장터] 키워드 필터링 시작... (키워드 22개)
[2026-02-03 00:52:46] [INFO] 키워드 필터링: 446건 → 2건
[2026-02-03 00:52:46] [INFO] [나라장터] 마감일 필터링 시작...
[2026-02-03 00:52:46] [INFO] 마감일 필터링: 2건 → 0건 (기준일: 2026-02-01, 최소 14일)
[2026-02-03 00:52:46] [INFO] 
[K-Startup] 데이터 수집 시작...
[2026-02-03 00:52:46] [INFO] K-Startup API 호출: 2026년
[2026-02-03 00:53:40] [INFO] K-Startup 총 20499건 수집 완료
[2026-02-03 00:53:40] [INFO] [K-Startup] 키워드 필터링 시작... (키워드 22개)
[2026-02-03 00:53:40] [INFO] 키워드 필터링: 20499건 → 12771건
[2026-02-03 00:53:40] [INFO] [K-Startup] 마감일 필터링 시작...
[2026-02-03 00:53:40] [INFO] 마감일 필터링: 12771건 → 46건 (기준일: 2026-02-01, 최소 14일)
[2026-02-03 00:53:40] [INFO] 
스프레드시트 업데이트 시작...
[2026-02-03 00:53:41] [INFO] ✓ 스프레드시트 연결 성공: 나라장터&K-Startup 공고 리스트업
[2026-02-03 00:53:41] [INFO] 
[나라장터] 스프레드시트 업데이트... (0건)
[2026-02-03 00:53:42] [INFO] ✓ 기존 시트 사용: 나라장터
[2026-02-03 00:53:42] [INFO] ✓ 헤더 이미 존재
[2026-02-03 00:53:42] [INFO] ✓ 나라장터 탭 업데이트 완료: 신규 0건
[2026-02-03 00:53:42] [INFO] 
[K-Startup] 스프레드시트 업데이트... (46건)
[2026-02-03 00:53:42] [INFO] ✓ 기존 시트 사용: K-Startup
[2026-02-03 00:53:43] [INFO] ✓ 헤더 이미 존재
[2026-02-03 00:54:13] [INFO] ✓ K-Startup 탭 업데이트 완료: 신규 46건
[2026-02-03 00:54:13] [INFO] 
============================================================
[2026-02-03 00:54:13] [INFO] Phase 1 완료!
[2026-02-03 00:54:13] [INFO] 소요 시간: 99.0초
[2026-02-03 00:54:13] [INFO] 나라장터: 신규 0건 추가
[2026-02-03 00:54:13] [INFO] K-Startup: 신규 46건 추가
[2026-02-03 00:54:13] [INFO] 총 46건 추가
[2026-02-03 00:54:13] [INFO] ============================================================
[2026-02-03 00:57:25] [INFO] 로거 초기화 완료 - 로그 파일: /Users/han-yeonji/개인pj/Collecting_announcement/logs/공고수집_20260203.log
[2026-02-03 00:57:25] [INFO] ============================================================
[2026-02-03 00:57:25] [INFO] Phase 1: 초기 데이터 수집 시작
[2026-02-03 00:57:25] [INFO] 기준일: 2026-02-01
[2026-02-03 00:57:25] [INFO] 최소 남은 일수: 14일
[2026-02-03 00:57:25] [INFO] ============================================================
[2026-02-03 00:57:25] [INFO] API 클라이언트 초기화...
[2026-02-03 00:57:25] [INFO] 
[나라장터] 데이터 수집 시작...
[2026-02-03 00:57:25] [INFO] 나라장터 API 호출: 2026년 1주차 (01/01~01/07)
[2026-02-03 00:59:10] [INFO] 나라장터 API 호출: 2026년 2주차 (01/08~01/14)
[2026-02-03 01:04:55] [WARNING] 나라장터 API 타임아웃 (시도 1/3)
[2026-02-03 01:05:12] [INFO] 나라장터 API 호출: 2026년 3주차 (01/15~01/21)
[2026-02-03 23:56:04] [INFO] 로거 초기화 완료 - 로그 파일: /Users/han-yeonji/개인pj/Collecting_announcement/logs/공고수집_20260203.log
[2026-02-03 23:56:04] [INFO] ============================================================
[2026-02-03 23:56:04] [INFO] Phase 1: 초기 데이터 수집 시작
[2026-02-03 23:56:04] [INFO] 기준일: 2026-02-01
[2026-02-03 23:56:04] [INFO] 최소 남은 일수: 14일
[2026-02-03 23:56:04] [INFO] ============================================================
[2026-02-03 23:56:04] [INFO] API 클라이언트 초기화...
[2026-02-03 23:56:04] [INFO] 
[나라장터] 데이터 수집 시작...
[2026-02-03 23:56:04] [INFO] 나라장터 API 호출: 2026년 1주차 (01/01~01/07)
[2026-02-03 23:57:39] [INFO] 나라장터 API 호출: 2026년 2주차 (01/08~01/14)
[2026-02-04 00:00:17] [WARNING] 나라장터 API 타임아웃 (시도 1/3)
[2026-02-04 00:02:29] [INFO] 나라장터 API 호출: 2026년 3주차 (01/15~01/21)
[2026-02-04 00:08:28] [INFO] 나라장터 API 호출: 2026년 4주차 (01/22~01/28)
[2026-02-04 00:14:46] [WARNING] 나라장터 API 타임아웃 (시도 1/3)
[2026-02-04 00:15:50] [INFO] 나라장터 API 호출: 2026년 5주차 (01/29~02/04)
[2026-02-04 00:20:43] [WARNING] 나라장터 API 타임아웃 (시도 1/3)
[2026-02-04 00:21:19] [INFO] 나라장터 API 호출: 2026년 6주차 (02/05~02/11)
[2026-02-04 00:21:19] [INFO] 나라장터 API 호출: 2026년 7주차 (02/12~02/18)
[2026-02-04 00:21:20] [INFO] 나라장터 API 호출: 2026년 8주차 (02/19~02/25)
[2026-02-04 00:21:20] [INFO] 나라장터 API 호출: 2026년 9주차 (02/26~03/04)
[2026-02-04 00:21:20] [INFO] 나라장터 API 호출: 2026년 10주차 (03/05~03/11)
[2026-02-04 00:21:20] [INFO] 나라장터 API 호출: 2026년 11주차 (03/12~03/18)
[2026-02-04 00:21:20] [INFO] 나라장터 API 호출: 2026년 12주차 (03/19~03/25)
[2026-02-04 00:21:21] [INFO] 나라장터 API 호출: 2026년 13주차 (03/26~04/01)
[2026-02-04 00:21:21] [INFO] 나라장터 API 호출: 2026년 14주차 (04/02~04/08)
[2026-02-04 00:21:21] [INFO] 나라장터 API 호출: 2026년 15주차 (04/09~04/15)
[2026-02-04 00:21:22] [INFO] 나라장터 API 호출: 2026년 16주차 (04/16~04/22)
[2026-02-04 00:21:22] [INFO] 나라장터 API 호출: 2026년 17주차 (04/23~04/29)
[2026-02-04 00:21:22] [INFO] 나라장터 API 호출: 2026년 18주차 (04/30~05/06)
[2026-02-04 00:21:22] [INFO] 나라장터 API 호출: 2026년 19주차 (05/07~05/13)
[2026-02-04 00:21:22] [INFO] 나라장터 API 호출: 2026년 20주차 (05/14~05/20)
[2026-02-04 00:21:22] [INFO] 나라장터 API 호출: 2026년 21주차 (05/21~05/27)
[2026-02-04 00:21:22] [INFO] 나라장터 API 호출: 2026년 22주차 (05/28~06/03)
[2026-02-04 00:21:23] [INFO] 나라장터 API 호출: 2026년 23주차 (06/04~06/10)
[2026-02-04 00:21:24] [INFO] 나라장터 API 호출: 2026년 24주차 (06/11~06/17)
[2026-02-04 00:21:24] [INFO] 나라장터 API 호출: 2026년 25주차 (06/18~06/24)
[2026-02-04 00:21:24] [INFO] 나라장터 API 호출: 2026년 26주차 (06/25~07/01)
[2026-02-04 00:21:24] [INFO] 나라장터 API 호출: 2026년 27주차 (07/02~07/08)
[2026-02-04 00:21:24] [INFO] 나라장터 API 호출: 2026년 28주차 (07/09~07/15)
[2026-02-04 00:21:24] [INFO] 나라장터 API 호출: 2026년 29주차 (07/16~07/22)
[2026-02-04 00:21:24] [INFO] 나라장터 API 호출: 2026년 30주차 (07/23~07/29)
[2026-02-04 00:21:24] [INFO] 나라장터 API 호출: 2026년 31주차 (07/30~08/05)
[2026-02-04 00:21:26] [INFO] 나라장터 API 호출: 2026년 32주차 (08/06~08/12)
[2026-02-04 00:21:26] [INFO] 나라장터 API 호출: 2026년 33주차 (08/13~08/19)
[2026-02-04 00:21:26] [INFO] 나라장터 API 호출: 2026년 34주차 (08/20~08/26)
[2026-02-04 00:21:26] [INFO] 나라장터 API 호출: 2026년 35주차 (08/27~09/02)
[2026-02-04 00:21:26] [INFO] 나라장터 API 호출: 2026년 36주차 (09/03~09/09)
[2026-02-04 00:21:26] [INFO] 나라장터 API 호출: 2026년 37주차 (09/10~09/16)
[2026-02-04 00:21:26] [INFO] 나라장터 API 호출: 2026년 38주차 (09/17~09/23)
[2026-02-04 00:21:26] [INFO] 나라장터 API 호출: 2026년 39주차 (09/24~09/30)
[2026-02-04 00:21:26] [INFO] 나라장터 API 호출: 2026년 40주차 (10/01~10/07)
[2026-02-04 00:21:27] [INFO] 나라장터 API 호출: 2026년 41주차 (10/08~10/14)
[2026-02-04 00:21:27] [INFO] 나라장터 API 호출: 2026년 42주차 (10/15~10/21)
[2026-02-04 00:21:27] [INFO] 나라장터 API 호출: 2026년 43주차 (10/22~10/28)
[2026-02-04 00:21:27] [INFO] 나라장터 API 호출: 2026년 44주차 (10/29~11/04)
[2026-02-04 00:21:27] [INFO] 나라장터 API 호출: 2026년 45주차 (11/05~11/11)
[2026-02-04 00:21:28] [INFO] 나라장터 API 호출: 2026년 46주차 (11/12~11/18)
[2026-02-04 00:21:28] [INFO] 나라장터 API 호출: 2026년 47주차 (11/19~11/25)
[2026-02-04 00:21:28] [INFO] 나라장터 API 호출: 2026년 48주차 (11/26~12/02)
[2026-02-04 00:21:28] [INFO] 나라장터 API 호출: 2026년 49주차 (12/03~12/09)
[2026-02-04 00:21:28] [INFO] 나라장터 API 호출: 2026년 50주차 (12/10~12/16)
[2026-02-04 00:21:28] [INFO] 나라장터 API 호출: 2026년 51주차 (12/17~12/23)
[2026-02-04 00:21:28] [INFO] 나라장터 API 호출: 2026년 52주차 (12/24~12/30)
[2026-02-04 00:21:29] [INFO] 나라장터 API 호출: 2026년 53주차 (12/31~12/31)
[2026-02-04 00:21:29] [INFO] 나라장터 총 37945건 수집 완료
[2026-02-04 00:21:29] [INFO] [나라장터] 키워드 필터링 시작... (키워드 22개)
[2026-02-04 00:21:29] [INFO] 키워드 필터링: 37945건 → 400건
[2026-02-04 00:21:29] [INFO] [나라장터] 마감일 필터링 시작...
[2026-02-04 00:21:29] [INFO] 마감일 필터링: 400건 → 28건 (기준일: 2026-02-01, 최소 14일)
[2026-02-04 00:21:29] [INFO] 
[K-Startup] 데이터 수집 시작...
[2026-02-04 00:21:29] [INFO] K-Startup API 호출: 2026년
[2026-02-04 00:22:47] [INFO] K-Startup 총 20499건 수집 완료
[2026-02-04 00:22:47] [INFO] [K-Startup] 키워드 필터링 시작... (키워드 22개)
[2026-02-04 00:22:47] [INFO] 키워드 필터링: 20499건 → 12767건
[2026-02-04 00:22:47] [INFO] [K-Startup] 마감일 필터링 시작...
[2026-02-04 00:22:47] [INFO] 마감일 필터링: 12767건 → 52건 (기준일: 2026-02-01, 최소 14일)
[2026-02-04 00:22:47] [INFO] 
스프레드시트 업데이트 시작...
[2026-02-04 00:22:48] [INFO] ✓ 스프레드시트 연결 성공: 나라장터&K-Startup 공고 리스트업
[2026-02-04 00:22:48] [INFO] 
[나라장터] 스프레드시트 업데이트... (28건)
[2026-02-04 00:22:49] [INFO] ✓ 기존 시트 사용: 나라장터
[2026-02-04 00:22:49] [INFO] ✓ 헤더 이미 존재
[2026-02-04 00:23:07] [INFO] ✓ 나라장터 탭 업데이트 완료: 신규 28건
[2026-02-04 00:23:07] [INFO] 
[K-Startup] 스프레드시트 업데이트... (52건)
[2026-02-04 00:23:07] [INFO] ✓ 기존 시트 사용: K-Startup
[2026-02-04 00:23:08] [INFO] ✓ 헤더 설정 완료: 10개 컬럼
[2026-02-04 00:23:30] [ERROR] 행 추가 오류: APIError: [429]: Quota exceeded for quota metric 'Read requests' and limit 'Read requests per minute per user' of service 'sheets.googleapis.com' for consumer 'project_number:922175612077'.
[2026-02-04 00:23:31] [ERROR] 행 추가 오류: APIError: [429]: Quota exceeded for quota metric 'Read requests' and limit 'Read requests per minute per user' of service 'sheets.googleapis.com' for consumer 'project_number:922175612077'.
[2026-02-04 00:23:31] [ERROR] 행 추가 오류: APIError: [429]: Quota exceeded for quota metric 'Read requests' and limit 'Read requests per minute per user' of service 'sheets.googleapis.com' for consumer 'project_number:922175612077'.
[2026-02-04 00:23:31] [ERROR] 행 추가 오류: APIError: [429]: Quota exceeded for quota metric 'Read requests' and limit 'Read requests per minute per user' of service 'sheets.googleapis.com' for consumer 'project_number:922175612077'.
[2026-02-04 00:23:31] [ERROR] 행 추가 오류: APIError: [429]: Quota exceeded for quota metric 'Read requests' and limit 'Read requests per minute per user' of service 'sheets.googleapis.com' for consumer 'project_number:922175612077'.
[2026-02-04 00:23:31] [ERROR] 행 추가 오류: APIError: [429]: Quota exceeded for quota metric 'Read requests' and limit 'Read requests per minute per user' of service 'sheets.googleapis.com' for consumer 'project_number:922175612077'.
[2026-02-04 00:23:32] [ERROR] 행 추가 오류: APIError: [429]: Quota exceeded for quota metric 'Read requests' and limit 'Read requests per minute per user' of service 'sheets.googleapis.com' for consumer 'project_number:922175612077'.
[2026-02-04 00:23:32] [ERROR] 행 추가 오류: APIError: [429]: Quota exceeded for quota metric 'Read requests' and limit 'Read requests per minute per user' of service 'sheets.googleapis.com' for consumer 'project_number:922175612077'.
[2026-02-04 00:23:32] [ERROR] 행 추가 오류: APIError: [429]: Quota exceeded for quota metric 'Read requests' and limit 'Read requests per minute per user' of service 'sheets.googleapis.com' for consumer 'project_number:922175612077'.
[2026-02-04 00:23:32] [ERROR] 행 추가 오류: APIError: [429]: Quota exceeded for quota metric 'Read requests' and limit 'Read requests per minute per user' of service 'sheets.googleapis.com' for consumer 'project_number:922175612077'.
[2026-02-04 00:23:33] [ERROR] 행 추가 오류: APIError: [429]: Quota exceeded for quota metric 'Read requests' and limit 'Read requests per minute per user' of service 'sheets.googleapis.com' for consumer 'project_number:922175612077'.
[2026-02-04 00:23:33] [ERROR] 행 추가 오류: APIError: [429]: Quota exceeded for quota metric 'Read requests' and limit 'Read requests per minute per user' of service 'sheets.googleapis.com' for consumer 'project_number:922175612077'.
[2026-02-04 00:23:33] [ERROR] 행 추가 오류: APIError: [429]: Quota exceeded for quota metric 'Read requests' and limit 'Read requests per minute per user' of service 'sheets.googleapis.com' for consumer 'project_number:922175612077'.
[2026-02-04 00:23:33] [ERROR] 행 추가 오류: APIError: [429]: Quota exceeded for quota metric 'Read requests' and limit 'Read requests per minute per user' of service 'sheets.googleapis.com' for consumer 'project_number:922175612077'.
[2026-02-04 00:23:33] [ERROR] 행 추가 오류: APIError: [429]: Quota exceeded for quota metric 'Read requests' and limit 'Read requests per minute per user' of service 'sheets.googleapis.com' for consumer 'project_number:922175612077'.
[2026-02-04 00:23:34] [ERROR] 행 추가 오류: APIError: [429]: Quota exceeded for quota metric 'Read requests' and limit 'Read requests per minute per user' of service 'sheets.googleapis.com' for consumer 'project_number:922175612077'.
[2026-02-04 00:23:34] [ERROR] 행 추가 오류: APIError: [429]: Quota exceeded for quota metric 'Read requests' and limit 'Read requests per minute per user' of service 'sheets.googleapis.com' for consumer 'project_number:922175612077'.
[2026-02-04 00:23:34] [ERROR] 행 추가 오류: APIError: [429]: Quota exceeded for quota metric 'Read requests' and limit 'Read requests per minute per user' of service 'sheets.googleapis.com' for consumer 'project_number:922175612077'.
[2026-02-04 00:23:34] [ERROR] 행 추가 오류: APIError: [429]: Quota exceeded for quota metric 'Read requests' and limit 'Read requests per minute per user' of service 'sheets.googleapis.com' for consumer 'project_number:922175612077'.
[2026-02-04 00:23:34] [INFO] ✓ K-Startup 탭 업데이트 완료: 신규 33건
[2026-02-04 00:23:34] [INFO] 
============================================================
[2026-02-04 00:23:34] [INFO] Phase 1 완료!
[2026-02-04 00:23:34] [INFO] 소요 시간: 1650.7초
[2026-02-04 00:23:34] [INFO] 나라장터: 신규 28건 추가
[2026-02-04 00:23:34] [INFO] K-Startup: 신규 33건 추가
[2026-02-04 00:23:34] [INFO] 총 61건 추가
[2026-02-04 00:23:34] [INFO] ============================================================
